// Jest Snapshot v1, https://goo.gl/fbAQLP

exports[`<Overlay /> should render properly 1`] = `
.c0 {
  display: -webkit-box;
  display: -webkit-flex;
  display: -ms-flexbox;
  display: flex;
  -webkit-align-items: center;
  -webkit-box-align: center;
  -ms-flex-align: center;
  align-items: center;
  -webkit-box-pack: center;
  -webkit-justify-content: center;
  -ms-flex-pack: center;
  justify-content: center;
  background-color: rgba(0,0,0,0.8);
  position: absolute;
  top: 0;
  right: 0;
  bottom: 0;
  left: 0;
}

<div
  class="c0"
  display="flex"
/>
`;
